[2019-08-30T16:31:37.180+0300][0.012s][debug][gc] ConcGCThreads: 1 offset 8
[2019-08-30T16:31:37.181+0300][0.012s][debug][gc] ParallelGCThreads: 4
[2019-08-30T16:31:37.181+0300][0.012s][debug][gc] Initialize mark stack with 4096 chunks, maximum 16384
[2019-08-30T16:31:37.220+0300][0.051s][info ][gc] Using G1
[2019-08-30T16:33:20.573+0300][103.403s][info ][gc] GC(0) Pause Young (Normal) (G1 Evacuation Pause) 101M->78M(2048M) 22.926ms
[2019-08-30T16:34:06.440+0300][149.269s][info ][gc] GC(1) Pause Young (Normal) (G1 Evacuation Pause) 167M->162M(2048M) 24.854ms
[2019-08-30T16:34:41.474+0300][184.303s][info ][gc] GC(2) Pause Young (Normal) (G1 Evacuation Pause) 250M->247M(2048M) 29.889ms
[2019-08-30T16:35:10.897+0300][213.726s][info ][gc] GC(3) Pause Young (Normal) (G1 Evacuation Pause) 336M->333M(2048M) 21.660ms
[2019-08-30T16:35:36.922+0300][239.751s][info ][gc] GC(4) Pause Young (Normal) (G1 Evacuation Pause) 422M->420M(2048M) 22.696ms
[2019-08-30T16:36:00.347+0300][263.176s][info ][gc] GC(5) Pause Young (Normal) (G1 Evacuation Pause) 509M->508M(2048M) 23.614ms
[2019-08-30T16:36:21.778+0300][284.606s][info ][gc] GC(6) Pause Young (Normal) (G1 Evacuation Pause) 597M->597M(2048M) 21.456ms
[2019-08-30T16:36:41.833+0300][304.661s][info ][gc] GC(7) Pause Young (Normal) (G1 Evacuation Pause) 686M->684M(2048M) 35.542ms
[2019-08-30T16:37:00.672+0300][323.500s][info ][gc] GC(8) Pause Young (Normal) (G1 Evacuation Pause) 773M->772M(2048M) 33.996ms
[2019-08-30T16:37:18.341+0300][341.169s][info ][gc] GC(9) Pause Young (Normal) (G1 Evacuation Pause) 861M->861M(2048M) 23.466ms
[2019-08-30T16:37:37.591+0300][360.419s][info ][gc] GC(10) Pause Young (Normal) (G1 Evacuation Pause) 964M->963M(2048M) 45.428ms
[2019-08-30T16:37:59.703+0300][382.531s][info ][gc] GC(11) Pause Young (Concurrent Start) (G1 Evacuation Pause) 1086M->1085M(2048M) 70.187ms
[2019-08-30T16:37:59.703+0300][382.531s][info ][gc] GC(12) Concurrent Cycle
[2019-08-30T16:37:59.718+0300][382.546s][info ][gc] GC(12) Pause Remark 1086M->1086M(2048M) 1.187ms
[2019-08-30T16:37:59.726+0300][382.554s][info ][gc] GC(12) Pause Cleanup 1086M->1086M(2048M) 0.237ms
[2019-08-30T16:37:59.728+0300][382.556s][info ][gc] GC(12) Concurrent Cycle 25.140ms
[2019-08-30T16:38:22.812+0300][405.640s][info ][gc] GC(13) Pause Young (Normal) (G1 Evacuation Pause) 1224M->1226M(2048M) 61.659ms
[2019-08-30T16:38:48.628+0300][431.455s][info ][gc] GC(14) Pause Young (Concurrent Start) (G1 Evacuation Pause) 1388M->1386M(2048M) 98.876ms
[2019-08-30T16:38:48.628+0300][431.455s][info ][gc] GC(15) Concurrent Cycle
[2019-08-30T16:38:48.643+0300][431.471s][debug][gc] GC(15) Reclaimed 1 empty regions
[2019-08-30T16:38:48.643+0300][431.471s][info ][gc] GC(15) Pause Remark 1387M->1386M(2048M) 1.106ms
[2019-08-30T16:38:48.652+0300][431.480s][info ][gc] GC(15) Pause Cleanup 1386M->1386M(2048M) 0.187ms
[2019-08-30T16:38:48.654+0300][431.481s][info ][gc] GC(15) Concurrent Cycle 26.034ms
[2019-08-30T16:39:09.732+0300][452.560s][info ][gc] GC(16) Pause Young (Normal) (G1 Evacuation Pause) 1530M->1529M(2048M) 67.555ms
[2019-08-30T16:39:23.812+0300][466.639s][info ][gc] GC(17) Pause Young (Concurrent Start) (G1 Evacuation Pause) 1630M->1630M(2048M) 66.851ms
[2019-08-30T16:39:23.812+0300][466.639s][info ][gc] GC(18) Concurrent Cycle
[2019-08-30T16:39:23.829+0300][466.656s][debug][gc] GC(18) Reclaimed 2 empty regions
[2019-08-30T16:39:23.829+0300][466.656s][info ][gc] GC(18) Pause Remark 1631M->1629M(2048M) 1.155ms
[2019-08-30T16:39:23.839+0300][466.666s][info ][gc] GC(18) Pause Cleanup 1629M->1629M(2048M) 0.194ms
[2019-08-30T16:39:23.841+0300][466.668s][info ][gc] GC(18) Concurrent Cycle 29.075ms
[2019-08-30T16:39:36.110+0300][478.937s][info ][gc] GC(19) Pause Young (Normal) (G1 Evacuation Pause) 1714M->1714M(2048M) 70.338ms
[2019-08-30T16:39:48.386+0300][491.212s][info ][gc] GC(20) Pause Young (Concurrent Start) (G1 Evacuation Pause) 1803M->1802M(2048M) 43.971ms
[2019-08-30T16:39:48.386+0300][491.212s][info ][gc] GC(21) Concurrent Cycle
[2019-08-30T16:39:48.404+0300][491.231s][debug][gc] GC(21) Reclaimed 1 empty regions
[2019-08-30T16:39:48.405+0300][491.231s][info ][gc] GC(21) Pause Remark 1803M->1802M(2048M) 2.010ms
[2019-08-30T16:39:48.415+0300][491.241s][info ][gc] GC(21) Pause Cleanup 1802M->1802M(2048M) 0.233ms
[2019-08-30T16:39:48.417+0300][491.243s][info ][gc] GC(21) Concurrent Cycle 30.668ms
[2019-08-30T16:40:00.450+0300][503.277s][info ][gc] GC(22) Pause Young (Normal) (G1 Evacuation Pause) 1890M->1888M(2048M) 33.906ms
[2019-08-30T16:40:11.083+0300][513.910s][info ][gc] GC(23) To-space exhausted
[2019-08-30T16:40:11.084+0300][513.910s][info ][gc] GC(23) Pause Young (Concurrent Start) (G1 Evacuation Pause) 1977M->1983M(2048M) 11.576ms
[2019-08-30T16:40:11.085+0300][513.911s][info ][gc] GC(24) Concurrent Cycle
[2019-08-30T16:40:11.108+0300][513.934s][debug][gc] GC(24) Reclaimed 1 empty regions
[2019-08-30T16:40:11.108+0300][513.934s][info ][gc] GC(24) Pause Remark 1983M->1982M(2048M) 1.779ms
[2019-08-30T16:40:11.120+0300][513.946s][info ][gc] GC(24) Pause Cleanup 1982M->1982M(2048M) 0.403ms
[2019-08-30T16:40:11.122+0300][513.948s][info ][gc] GC(24) Concurrent Cycle 36.698ms
[2019-08-30T16:40:19.102+0300][521.929s][info ][gc] GC(25) To-space exhausted
[2019-08-30T16:40:19.103+0300][521.929s][info ][gc] GC(25) Pause Young (Normal) (G1 Evacuation Pause) 2047M->2047M(2048M) 2.491ms
[2019-08-30T16:40:19.479+0300][522.306s][info ][gc] GC(26) Pause Full (G1 Evacuation Pause) 2047M->1918M(2048M) 230.524ms
[2019-08-30T16:40:21.297+0300][524.124s][info ][gc] GC(27) To-space exhausted
[2019-08-30T16:40:21.297+0300][524.124s][info ][gc] GC(27) Pause Young (Concurrent Start) (G1 Evacuation Pause) 1934M->1934M(2048M) 1.280ms
[2019-08-30T16:40:21.297+0300][524.124s][info ][gc] GC(29) Concurrent Cycle
[2019-08-30T16:40:21.299+0300][524.126s][debug][gc] GC(28) Clear Next Bitmap 1.673ms
[2019-08-30T16:40:21.499+0300][524.325s][info ][gc] GC(28) Pause Full (G1 Evacuation Pause) 1934M->1932M(2048M) 201.432ms
[2019-08-30T16:40:21.499+0300][524.326s][info ][gc] GC(29) Concurrent Cycle 201.599ms
[2019-08-30T16:40:21.899+0300][524.726s][info ][gc] GC(30) To-space exhausted
[2019-08-30T16:40:21.899+0300][524.726s][info ][gc] GC(30) Pause Young (Normal) (G1 Evacuation Pause) 1935M->1935M(2048M) 0.499ms
[2019-08-30T16:40:22.005+0300][524.832s][info ][gc] GC(31) Pause Full (G1 Evacuation Pause) 1935M->1935M(2048M) 105.962ms
[2019-08-30T16:40:22.009+0300][524.836s][info ][gc] GC(32) To-space exhausted
[2019-08-30T16:40:22.009+0300][524.836s][info ][gc] GC(32) Pause Young (Concurrent Start) (G1 Evacuation Pause) 1936M->1936M(2048M) 0.616ms
[2019-08-30T16:40:22.009+0300][524.836s][info ][gc] GC(34) Concurrent Cycle
[2019-08-30T16:40:22.011+0300][524.838s][debug][gc] GC(33) Clear Next Bitmap 1.594ms
[2019-08-30T16:40:22.092+0300][524.919s][info ][gc] GC(33) Pause Full (G1 Evacuation Pause) 1936M->1936M(2048M) 82.967ms
[2019-08-30T16:40:22.092+0300][524.919s][info ][gc] GC(34) Concurrent Cycle 83.141ms
[2019-08-30T16:40:22.294+0300][525.121s][info ][gc] GC(35) To-space exhausted
[2019-08-30T16:40:22.294+0300][525.121s][info ][gc] GC(35) Pause Young (Normal) (G1 Evacuation Pause) 1937M->1937M(2048M) 0.466ms
[2019-08-30T16:40:22.357+0300][525.184s][info ][gc] GC(36) Pause Full (G1 Evacuation Pause) 1937M->1937M(2048M) 63.058ms
[2019-08-30T16:40:22.407+0300][525.234s][info ][gc] GC(37) Pause Full (G1 Evacuation Pause) 1937M->1937M(2048M) 49.732ms
[2019-08-30T16:40:23.599+0300][526.425s][info ][gc] GC(38) Pause Young (Concurrent Start) (G1 Evacuation Pause) 1937M->1937M(2048M) 0.570ms
[2019-08-30T16:40:23.599+0300][526.425s][info ][gc] GC(40) Concurrent Cycle
[2019-08-30T16:40:23.601+0300][526.427s][debug][gc] GC(39) Clear Next Bitmap 1.428ms
[2019-08-30T16:40:23.687+0300][526.513s][info ][gc] GC(39) Pause Full (G1 Evacuation Pause) 1937M->1937M(2048M) 87.544ms
[2019-08-30T16:40:23.687+0300][526.513s][info ][gc] GC(40) Concurrent Cycle 87.686ms
[2019-08-30T16:40:23.689+0300][526.515s][info ][gc] GC(41) To-space exhausted
[2019-08-30T16:40:23.689+0300][526.515s][info ][gc] GC(41) Pause Young (Normal) (G1 Evacuation Pause) 1938M->1938M(2048M) 0.461ms
[2019-08-30T16:40:23.810+0300][526.636s][info ][gc] GC(42) Pause Full (G1 Evacuation Pause) 1938M->1937M(2048M) 120.586ms
